
> Configure project :shared
w: The Default Kotlin Hierarchy Template was not applied to 'project ':shared'':
Explicit .dependsOn() edges were configured for the following source sets:
[iosArm64Main, iosMain, iosSimulatorArm64Main, iosX64Main]

Consider removing dependsOn-calls or disabling the default template by adding
    'kotlin.mpp.applyDefaultHierarchyTemplate=false'
to your gradle.properties

Learn more about hierarchy templates: https://kotl.in/hierarchy-template


> Task :shared:checkKotlinGradlePluginConfigurationErrors
> Task :shared:generateComposeResClass UP-TO-DATE
> Task :shared:compileKotlinIosSimulatorArm64 SKIPPED

BUILD SUCCESSFUL in 1s
2 actionable tasks: 1 executed, 1 up-to-date
